// Jest Snapshot v1, https://goo.gl/fbAQLP

exports[`Component:  default version notes component displays release notes 1`] = `
<ngbd-modal-content
  activeModal={[Function MockModal]}
  config={[Function MockAppConfig]}
>
  <div
    class="version-dialog"
  >
    
    
    <div
      class="modal-header"
    >
      
      
      <h3
        class="modal-title"
      >
        Welcome to version 
      </h3>
      
    
    </div>
    
    
    <div
      class="modal-body"
    >
      
      
      <span
        class="version-message"
      >
        We made some changes!
      </span>
      
    
    </div>
    
    
    <div
      class="modal-footer"
    >
      
      
      <button
        class="btn btn-info focus close-button"
      >
        OK
      
      </button>
      
    
    </div>
    
  
  </div>
  
</ngbd-modal-content>
`;
