// Jest Snapshot v1, https://goo.gl/fbAQLP

exports[`admin stats component should render results from http 1`] = `
<admin-stats
  gameCount={[Function Number]}
  gamesCreated={[Function Array]}
  http={[Function HttpClient]}
  playerCount={[Function Number]}
  playerLogins={[Function Array]}
  playersCreated={[Function Array]}
  time={[Function Number]}
  times={[Function Array]}
>
  <div
    class="admin-stats"
  >
    
    
    <table
      class="table table-striped table-sm table-admin-states"
    >
      
      
      <tbody>
        <tr>
          
        
          <th />
          
        
          <th
            class="text-right"
          >
            Last 24 hours
          </th>
          
        
          <th
            class="text-right"
          >
            Last 7 days
          </th>
          
        
          <th
            class="text-right"
          >
            Last 30 days
          </th>
          
        
          <th
            class="text-right"
          >
            All
          </th>
          
      
        </tr>
        
      
        <tr
          class="text-right"
        >
          
        
          <th
            class="text-left"
          >
            Games
          </th>
          
        
          <td>
            10.2
          </td>
          
        
          <td>
            10.3
          </td>
          
        
          <td>
            10.4
          </td>
          
        
          <td>
            3.4
          </td>
          
      
        </tr>
        
      
        <tr
          class="text-right"
        >
          
        
          <th
            class="text-left"
          >
            Players Created
          </th>
          
        
          <td>
            2.3
          </td>
          
        
          <td>
            4.5
          </td>
          
        
          <td>
            5.6
          </td>
          
        
          <td>
            1.2
          </td>
          
      
        </tr>
        
      
        <tr
          class="text-right"
        >
          
        
          <th
            class="text-left"
          >
            Players Logged In
          </th>
          
        
          <td>
            6.7
          </td>
          
        
          <td>
            7.8
          </td>
          
        
          <td>
            8.9
          </td>
          
        
          <td />
          
      
        </tr>
        
    
      </tbody>
    </table>
    
  
  </div>
  
</admin-stats>
`;
